--------- beginning of main
I/NetworkController( 1294): [CMCC Performance test][SystemUI][Statusbar] show signal end [156939542]
I/NetworkController( 1294): [CMCC Performance test][SystemUI][Statusbar] show signal end [156939629]
I/DualSimMessageUtils( 2611): updateServiceStateValues slotId = 1, voiceRegState = 0, dataRegState = 0
I/DualSimMessageUtils( 2611): updateServiceStateValues needUpdate = false
I/NetworkController( 1294): [CMCC Performance test][SystemUI][Statusbar] show signal end [156940459]
--------- beginning of system
I/thermal_repeater(  350): oh, queryMdThermalInfo (0)No such file or directory
I/thermal_repeater(  350): [recvMdThermalInfo] ret=5, strLen=127, ERROR
W/NetworkStatsRecorder(  824): unknown interfaces [wlan0, lo, p2p0], ignoring those stats
W/NetworkStatsRecorder(  824): unknown interfaces [wlan0, lo, p2p0], ignoring those stats
W/NetworkStatsRecorder(  824): unknown interfaces [wlan0, lo, p2p0], ignoring those stats
W/NetworkStatsRecorder(  824): unknown interfaces [wlan0, lo, p2p0], ignoring those stats
I/SurfaceFlinger(  298): [Built-in Screen (type:0)] fps:1.504073,dur:1994.58,max:997.34,min:253.86
I/AppWidgetServiceImpl(  824): getAppWidgetIds() 0
I/libPerfService(  824): 5: set freq: 1183000
I/libPerfService(  824): 5: set: 2
I/ActivityManager(  824): START u0 {act=android.intent.action.MAIN cat=[android.intent.category.LAUNCHER] flg=0x10200000 cmp=com.example.baopingx.myapplication/.MainActivity bnds=[48,1248][294,1536]} from uid 10077 on display 0 from pid 1937
I/libPerfService(  824): 12: set freq: 1625000
I/libPerfService(  824): 12: set: 4
I/System.out( 1937): createMD5, pathFile is /data/app/com.example.baopingx.myapplication-1/base.apk
I/WindowManager(  824): Losing focus: Window{138878af u0 com.meizu.flyme.launcher/com.meizu.flyme.launcher.Launcher}
W/Zygote  ( 5287): MzIsRooted false
I/art     ( 5287): Late-enabling -Xcheck:jni
I/ActivityManager(  824): Start proc 5287:com.example.baopingx.myapplication/u0a18 for activity com.example.baopingx.myapplication/.MainActivity
W/ADB_SERVICES( 2849): looking for pid 5287 in JDWP process list return fds0(25) fds1(26)
I/libPerfService(  824): perfSetFavorPid - pid:5287, 14a7
D/AALService(  335): enableAALEvent: 0 -> 1
I/SurfaceFlinger(  298): EventThread Client Pid (5287) created
I/SurfaceFlinger(  298): EventThread Client Pid (5287) created
I/SurfaceFlinger(  298): [SF client] NEW(0x7f86e5c780) for (824:system_server)
D/AALService(  335): enableAALEvent: 1 -> 0
D/AALService(  335): enableAALEvent: 0 -> 1
D/AALService(  335): enableAALEvent: 1 -> 0
I/WindowManager(  824): Gaining focus: Window{356df83b u0 com.example.baopingx.myapplication/com.example.baopingx.myapplication.MainActivity}
E/GED     ( 5287): Failed to get GED Log Buf, err(0)
I/OpenGLRenderer( 5287): Initialized EGL, version 1.4
W/OpenGLRenderer( 5287): Failed to choose config with EGL_SWAP_BEHAVIOR_PRESERVED, retrying without...
I/OpenGLRenderer( 5287): Initializing program atlas...
I/OpenGLRenderer( 5287): Program binary detail: Binary length is 240486, program map length is 112.
I/OpenGLRenderer( 5287): Succeeded to mmap program binaries. File descriptor is 40, and path is /dev/ashmem¯.
I/OpenGLRenderer( 5287): No need to use file discriptor anymore, close fd(40).
I/SurfaceFlinger(  298): [Built-in Screen (type:0)] fps:15.913846,dur:1005.41,max:490.72,min:12.01
D/AALService(  335): enableAALEvent: 0 -> 1
D/AALService(  335): enableAALEvent: 1 -> 0
I/ActivityManager(  824): [AppLaunch] Displayed Displayed com.example.baopingx.myapplication/.MainActivity: +315ms
E/recents.TaskLoader( 1294): create a new LoadPlan, sometime this is a error
I/SurfaceFlinger(  298): [Built-in Screen (type:0)] fps:11.673382,dur:1027.98,max:844.30,min:14.67
I/ActivityManager(  824): START u0 {cmp=com.example.baopingx.myapplication/.BtActivity} from uid 10018 on display 0 from pid 5287
W/PerfScheduler(  824): Not Boost !
I/WindowManager(  824): Losing focus: Window{356df83b u0 com.example.baopingx.myapplication/com.example.baopingx.myapplication.MainActivity}
I/NetworkController( 1294): [CMCC Performance test][SystemUI][Statusbar] show signal end [156942958]
W/PerfScheduler(  824): Not Boost !
I/WindowManager(  824): Gaining focus: Window{3b7533b3 u0 com.example.baopingx.myapplication/com.example.baopingx.myapplication.BtActivity}
I/ActivityManager(  824): [AppLaunch] Displayed Displayed com.example.baopingx.myapplication/.BtActivity: +81ms
I/libPerfService(  824): 12: set: 2
I/libPerfService(  824): 12: set max: 8
I/libPerfService(  824): 12: set freq: 1183000
I/libPerfService(  824): 12: set freq max: 0
I/libPerfService(  824): 12: set gpu level: 0
E/recents.TaskLoader( 1294): create a new LoadPlan, sometime this is a error
I/ActivityManager(  824): START u0 {act=android.intent.action.GET_CONTENT cat=[android.intent.category.OPENABLE] typ=*/* cmp=com.meizu.documentsui/com.android.documentsui.DocumentsActivity} from uid 10018 on display 0 from pid 5287
I/SurfaceFlinger(  298): [Built-in Screen (type:0)] fps:24.073431,dur:1080.03,max:659.59,min:15.12
I/libPerfService(  824): 10: set: 3
I/WindowManager(  824): Losing focus: Window{3b7533b3 u0 com.example.baopingx.myapplication/com.example.baopingx.myapplication.BtActivity}
I/libPerfService(  824): perfSetFavorPid - pid:2610, a32
I/WindowManager(  824): Gaining focus: Window{22dc21 u0 com.meizu.documentsui/com.android.documentsui.DocumentsActivity}
W/ResourceType( 2610): No package identifier when getting value for resource number 0x00000000
W/PackageManager( 2610): Failure retrieving resources for com.meizu.media.gallery: Resource ID #0x0
W/ResourceType( 2610): No package identifier when getting value for resource number 0x00000000
W/PackageManager( 2610): Failure retrieving resources for com.meizu.media.gallery: Resource ID #0x0
W/System.err( 2610): java.lang.NoSuchFieldException: mDisappearingChildren
W/System.err( 2610): 	at java.lang.Class.getDeclaredField(Class.java:890)
W/System.err( 2610): 	at com.android.documentsui.DirectoryContainerView.a(SourceFile:69)
W/System.err( 2610): 	at com.android.documentsui.DirectoryContainerView.dispatchDraw(SourceFile:43)
W/System.err( 2610): 	at android.view.View.updateDisplayListIfDirty(View.java:14486)
W/System.err( 2610): 	at android.view.View.getDisplayList(View.java:14523)
W/System.err( 2610): 	at android.view.View.draw(View.java:15314)
W/System.err( 2610): 	at android.view.ViewGroup.drawChild(ViewGroup.java:3536)
W/System.err( 2610): 	at android.view.ViewGroup.dispatchDraw(ViewGroup.java:3329)
W/System.err( 2610): 	at android.view.View.updateDisplayListIfDirty(View.java:14486)
W/System.err( 2610): 	at android.view.View.getDisplayList(View.java:14523)
W/System.err( 2610): 	at android.view.View.draw(View.java:15314)
W/System.err( 2610): 	at android.view.ViewGroup.drawChild(ViewGroup.java:3536)
W/System.err( 2610): 	at android.support.v4.widget.DrawerLayout.drawChild(SourceFile:1089)
W/System.err( 2610): 	at android.view.ViewGroup.dispatchDraw(ViewGroup.java:3329)
W/System.err( 2610): 	at android.view.View.updateDisplayListIfDirty(View.java:14486)
W/System.err( 2610): 	at android.view.View.getDisplayList(View.java:14523)
W/System.err( 2610): 	at android.view.View.draw(View.java:15314)
W/System.err( 2610): 	at android.view.ViewGroup.drawChild(ViewGroup.java:3536)
W/System.err( 2610): 	at android.view.ViewGroup.dispatchDraw(ViewGroup.java:3329)
W/System.err( 2610): 	at android.view.View.updateDisplayListIfDirty(View.java:14486)
W/System.err( 2610): 	at android.view.View.getDisplayList(View.java:14523)
W/System.err( 2610): 	at android.view.View.draw(View.java:15314)
W/System.err( 2610): 	at android.view.ViewGroup.drawChild(ViewGroup.java:3536)
W/System.err( 2610): 	at android.view.ViewGroup.dispatchDraw(ViewGroup.java:3329)
W/System.err( 2610): 	at android.view.View.updateDisplayListIfDirty(View.java:14486)
W/System.err( 2610): 	at android.view.View.getDisplayList(View.java:14523)
W/System.err( 2610): 	at android.view.View.draw(View.java:15314)
W/System.err( 2610): 	at android.view.ViewGroup.drawChild(ViewGroup.java:3536)
W/System.err( 2610): 	at android.view.ViewGroup.dispatchDraw(ViewGroup.java:3329)
W/System.err( 2610): 	at android.view.View.updateDisplayListIfDirty(View.java:14486)
W/System.err( 2610): 	at android.view.View.getDisplayList(View.java:14523)
W/System.err( 2610): 	at android.view.View.draw(View.java:15314)
W/System.err( 2610): 	at android.view.ViewGroup.drawChild(ViewGroup.java:3536)
W/System.err( 2610): 	at android.view.ViewGroup.dispatchDraw(ViewGroup.java:3329)
W/System.err( 2610): 	at android.view.View.updateDisplayListIfDirty(View.java:14486)
W/System.err( 2610): 	at android.view.View.getDisplayList(View.java:14523)
W/System.err( 2610): 	at android.view.View.draw(View.java:15314)
W/System.err( 2610): 	at android.view.ViewGroup.drawChild(ViewGroup.java:3536)
W/System.err( 2610): 	at android.view.ViewGroup.dispatchDraw(ViewGroup.java:3329)
W/System.err( 2610): 	at com.android.internal.policy.impl.PhoneWindow$DecorView.dispatchDraw(PhoneWindow.java:2843)
W/System.err( 2610): 	at android.view.View.draw(View.java:15617)
W/System.err( 2610): 	at android.widget.FrameLayout.draw(FrameLayout.java:658)
W/System.err( 2610): 	at com.android.internal.policy.impl.PhoneWindow$DecorView.draw(PhoneWindow.java:2822)
W/System.err( 2610): 	at android.view.View.updateDisplayListIfDirty(View.java:14494)
W/System.err( 2610): 	at android.view.View.getDisplayList(View.java:14523)
W/System.err( 2610): 	at android.view.ThreadedRenderer.updateViewTreeDisplayList(ThreadedRenderer.java:279)
W/System.err( 2610): 	at android.view.ThreadedRenderer.updateRootDisplayList(ThreadedRenderer.java:285)
W/System.err( 2610): 	at android.view.ThreadedRenderer.draw(ThreadedRenderer.java:335)
W/System.err( 2610): 	at android.view.ViewRootImpl.draw(ViewRootImpl.java:2966)
W/System.err( 2610): 	at android.view.ViewRootImpl.performDraw(ViewRootImpl.java:2780)
W/System.err( 2610): 	at android.view.ViewRootImpl.performTraversals(ViewRootImpl.java:2391)
W/System.err( 2610): 	at android.view.ViewRootImpl.doTraversal(ViewRootImpl.java:1312)
W/System.err( 2610): 	at android.view.ViewRootImpl$TraversalRunnable.run(ViewRootImpl.java:6653)
W/System.err( 2610): 	at android.view.Choreographer$CallbackRecord.run(Choreographer.java:800)
W/System.err( 2610): 	at android.view.Choreographer.doCallbacks(Choreographer.java:603)
W/System.err( 2610): 	at android.view.Choreographer.doFrame(Choreographer.java:572)
W/System.err( 2610): 	at android.view.Choreographer$FrameDisplayEventReceiver.run(Choreographer.java:786)
W/System.err( 2610): 	at android.os.Handler.handleCallback(Handler.java:815)
W/System.err( 2610): 	at android.os.Handler.dispatchMessage(Handler.java:104)
W/System.err( 2610): 	at android.os.Looper.loop(Looper.java:194)
W/System.err( 2610): 	at android.app.ActivityThread.main(ActivityThread.java:5743)
W/System.err( 2610): 	at java.lang.reflect.Method.invoke(Native Method)
W/System.err( 2610): 	at java.lang.reflect.Method.invoke(Method.java:372)
W/System.err( 2610): 	at com.android.internal.os.ZygoteInit$MethodAndArgsCaller.run(ZygoteInit.java:988)
W/System.err( 2610): 	at com.android.internal.os.ZygoteInit.main(ZygoteInit.java:783)
I/ActivityManager(  824): [AppLaunch] Displayed Displayed com.meizu.documentsui/com.android.documentsui.DocumentsActivity: +187ms
E/updateDirectoryNavigationBar( 2610): displayName i = 0   DCIM
E/updateDirectoryNavigationBar( 2610): title i = 1   å›¾ç‰‡
E/updateDirectoryNavigationBar( 2610): displayName i = 0   DCIM
E/updateDirectoryNavigationBar( 2610): title i = 1   å›¾ç‰‡
W/System.err( 2610): java.lang.NoSuchFieldException: mDisappearingChildren
W/System.err( 2610): 	at java.lang.Class.getDeclaredField(Class.java:890)
W/System.err( 2610): 	at com.android.documentsui.DirectoryContainerView.a(SourceFile:69)
W/System.err( 2610): 	at com.android.documentsui.DirectoryContainerView.dispatchDraw(SourceFile:43)
W/System.err( 2610): 	at android.view.View.updateDisplayListIfDirty(View.java:14486)
W/System.err( 2610): 	at android.view.View.getDisplayList(View.java:14523)
W/System.err( 2610): 	at android.view.View.draw(View.java:15314)
W/System.err( 2610): 	at android.view.ViewGroup.drawChild(ViewGroup.java:3536)
W/System.err( 2610): 	at android.view.ViewGroup.dispatchDraw(ViewGroup.java:3329)
W/System.err( 2610): 	at android.view.View.updateDisplayListIfDirty(View.java:14486)
W/System.err( 2610): 	at android.view.View.getDisplayList(View.java:14523)
W/System.err( 2610): 	at android.view.View.draw(View.java:15314)
W/System.err( 2610): 	at android.view.ViewGroup.drawChild(ViewGroup.java:3536)
W/System.err( 2610): 	at android.support.v4.widget.DrawerLayout.drawChild(SourceFile:1089)
W/System.err( 2610): 	at android.view.ViewGroup.dispatchDraw(ViewGroup.java:3329)
W/System.err( 2610): 	at android.view.View.updateDisplayListIfDirty(View.java:14486)
W/System.err( 2610): 	at android.view.View.getDisplayList(View.java:14523)
W/System.err( 2610): 	at android.view.View.draw(View.java:15314)
W/System.err( 2610): 	at android.view.ViewGroup.drawChild(ViewGroup.java:3536)
W/System.err( 2610): 	at android.view.ViewGroup.dispatchDraw(ViewGroup.java:3329)
W/System.err( 2610): 	at android.view.View.updateDisplayListIfDirty(View.java:14486)
W/System.err( 2610): 	at android.view.View.getDisplayList(View.java:14523)
W/System.err( 2610): 	at android.view.View.draw(View.java:15314)
W/System.err( 2610): 	at android.view.ViewGroup.drawChild(ViewGroup.java:3536)
W/System.err( 2610): 	at android.view.ViewGroup.dispatchDraw(ViewGroup.java:3329)
W/System.err( 2610): 	at android.view.View.updateDisplayListIfDirty(View.java:14486)
W/System.err( 2610): 	at android.view.View.getDisplayList(View.java:14523)
W/System.err( 2610): 	at android.view.View.draw(View.java:15314)
W/System.err( 2610): 	at android.view.ViewGroup.drawChild(ViewGroup.java:3536)
W/System.err( 2610): 	at android.view.ViewGroup.dispatchDraw(ViewGroup.java:3329)
W/System.err( 2610): 	at android.view.View.updateDisplayListIfDirty(View.java:14486)
W/System.err( 2610): 	at android.view.View.getDisplayList(View.java:14523)
W/System.err( 2610): 	at android.view.View.draw(View.java:15314)
W/System.err( 2610): 	at android.view.ViewGroup.drawChild(ViewGroup.java:3536)
W/System.err( 2610): 	at android.view.ViewGroup.dispatchDraw(ViewGroup.java:3329)
W/System.err( 2610): 	at android.view.View.updateDisplayListIfDirty(View.java:14486)
W/System.err( 2610): 	at android.view.View.getDisplayList(View.java:14523)
W/System.err( 2610): 	at android.view.View.draw(View.java:15314)
W/System.err( 2610): 	at android.view.ViewGroup.drawChild(ViewGroup.java:3536)
W/System.err( 2610): 	at android.view.ViewGroup.dispatchDraw(ViewGroup.java:3329)
W/System.err( 2610): 	at com.android.internal.policy.impl.PhoneWindow$DecorView.dispatchDraw(PhoneWindow.java:2843)
W/System.err( 2610): 	at android.view.View.draw(View.java:15617)
W/System.err( 2610): 	at android.widget.FrameLayout.draw(FrameLayout.java:658)
W/System.err( 2610): 	at com.android.internal.policy.impl.PhoneWindow$DecorView.draw(PhoneWindow.java:2822)
W/System.err( 2610): 	at android.view.View.updateDisplayListIfDirty(View.java:14494)
W/System.err( 2610): 	at android.view.View.getDisplayList(View.java:14523)
W/System.err( 2610): 	at android.view.ThreadedRenderer.updateViewTreeDisplayList(ThreadedRenderer.java:279)
W/System.err( 2610): 	at android.view.ThreadedRenderer.updateRootDisplayList(ThreadedRenderer.java:285)
W/System.err( 2610): 	at android.view.ThreadedRenderer.draw(ThreadedRenderer.java:335)
W/System.err( 2610): 	at android.view.ViewRootImpl.draw(ViewRootImpl.java:2966)
W/System.err( 2610): 	at android.view.ViewRootImpl.performDraw(ViewRootImpl.java:2780)
W/System.err( 2610): 	at android.view.ViewRootImpl.performTraversals(ViewRootImpl.java:2391)
W/System.err( 2610): 	at android.view.ViewRootImpl.doTraversal(ViewRootImpl.java:1312)
W/System.err( 2610): 	at android.view.ViewRootImpl$TraversalRunnable.run(ViewRootImpl.java:6653)
W/System.err( 2610): 	at android.view.Choreographer$CallbackRecord.run(Choreographer.java:800)
W/System.err( 2610): 	at android.view.Choreographer.doCallbacks(Choreographer.java:603)
W/System.err( 2610): 	at android.view.Choreographer.doFrame(Choreographer.java:572)
W/System.err( 2610): 	at android.view.Choreographer$FrameDisplayEventReceiver.run(Choreographer.java:786)
W/System.err( 2610): 	at android.os.Handler.handleCallback(Handler.java:815)
W/System.err( 2610): 	at android.os.Handler.dispatchMessage(Handler.java:104)
W/System.err( 2610): 	at android.os.Looper.loop(Looper.java:194)
W/System.err( 2610): 	at android.app.ActivityThread.main(ActivityThread.java:5743)
W/System.err( 2610): 	at java.lang.reflect.Method.invoke(Native Method)
W/System.err( 2610): 	at java.lang.reflect.Method.invoke(Method.java:372)
W/System.err( 2610): 	at com.android.internal.os.ZygoteInit$MethodAndArgsCaller.run(ZygoteInit.java:988)
W/System.err( 2610): 	at com.android.internal.os.ZygoteInit.main(ZygoteInit.java:783)
W/System.err( 2610): java.lang.NoSuchFieldException: mDisappearingChildren
W/System.err( 2610): 	at java.lang.Class.getDeclaredField(Class.java:890)
W/System.err( 2610): 	at com.android.documentsui.DirectoryContainerView.a(SourceFile:69)
W/System.err( 2610): 	at com.android.documentsui.DirectoryContainerView.drawChild(SourceFile:54)
W/System.err( 2610): 	at android.view.ViewGroup.dispatchDraw(ViewGroup.java:3329)
W/System.err( 2610): 	at com.android.documentsui.DirectoryContainerView.dispatchDraw(SourceFile:49)
W/System.err( 2610): 	at android.view.View.updateDisplayListIfDirty(View.java:14486)
W/System.err( 2610): 	at android.view.View.getDisplayList(View.java:14523)
W/System.err( 2610): 	at android.view.View.draw(View.java:15314)
W/System.err( 2610): 	at android.view.ViewGroup.drawChild(ViewGroup.java:3536)
W/System.err( 2610): 	at android.view.ViewGroup.dispatchDraw(ViewGroup.java:3329)
W/System.err( 2610): 	at android.view.View.updateDisplayListIfDirty(View.java:14486)
W/System.err( 2610): 	at android.view.View.getDisplayList(View.java:14523)
W/System.err( 2610): 	at android.view.View.draw(View.java:15314)
W/System.err( 2610): 	at android.view.ViewGroup.drawChild(ViewGroup.java:3536)
W/System.err( 2610): 	at android.support.v4.widget.DrawerLayout.drawChild(SourceFile:1089)
W/System.err( 2610): 	at android.view.ViewGroup.dispatchDraw(ViewGroup.java:3329)
W/System.err( 2610): 	at android.view.View.updateDisplayListIfDirty(View.java:14486)
W/System.err( 2610): 	at android.view.View.getDisplayList(View.java:14523)
W/System.err( 2610): 	at android.view.View.draw(View.java:15314)
W/System.err( 2610): 	at android.view.ViewGroup.drawChild(ViewGroup.java:3536)
W/System.err( 2610): 	at android.view.ViewGroup.dispatchDraw(ViewGroup.java:3329)
W/System.err( 2610): 	at android.view.View.updateDisplayListIfDirty(View.java:14486)
W/System.err( 2610): 	at android.view.View.getDisplayList(View.java:14523)
W/System.err( 2610): 	at android.view.View.draw(View.java:15314)
W/System.err( 2610): 	at android.view.ViewGroup.drawChild(ViewGroup.java:3536)
W/System.err( 2610): 	at android.view.ViewGroup.dispatchDraw(ViewGroup.java:3329)
W/System.err( 2610): 	at android.view.View.updateDisplayListIfDirty(View.java:14486)
W/System.err( 2610): 	at android.view.View.getDisplayList(View.java:14523)
W/System.err( 2610): 	at android.view.View.draw(View.java:15314)
W/System.err( 2610): 	at android.view.ViewGroup.drawChild(ViewGroup.java:3536)
W/System.err( 2610): 	at android.view.ViewGroup.dispatchDraw(ViewGroup.java:3329)
W/System.err( 2610): 	at android.view.View.updateDisplayListIfDirty(View.java:14486)
W/System.err( 2610): 	at android.view.View.getDisplayList(View.java:14523)
W/System.err( 2610): 	at android.view.View.draw(View.java:15314)
W/System.err( 2610): 	at android.view.ViewGroup.drawChild(ViewGroup.java:3536)
W/System.err( 2610): 	at android.view.ViewGroup.dispatchDraw(ViewGroup.java:3329)
W/System.err( 2610): 	at android.view.View.updateDisplayListIfDirty(View.java:14486)
W/System.err( 2610): 	at android.view.View.getDisplayList(View.java:14523)
W/System.err( 2610): 	at android.view.View.draw(View.java:15314)
W/System.err( 2610): 	at android.view.ViewGroup.drawChild(ViewGroup.java:3536)
W/System.err( 2610): 	at android.view.ViewGroup.dispatchDraw(ViewGroup.java:3329)
W/System.err( 2610): 	at com.android.internal.policy.impl.PhoneWindow$DecorView.dispatchDraw(PhoneWindow.java:2843)
W/System.err( 2610): 	at android.view.View.draw(View.java:15617)
W/System.err( 2610): 	at android.widget.FrameLayout.draw(FrameLayout.java:658)
W/System.err( 2610): 	at com.android.internal.policy.impl.PhoneWindow$DecorView.draw(PhoneWindow.java:2822)
W/System.err( 2610): 	at android.view.View.updateDisplayListIfDirty(View.java:14494)
W/System.err( 2610): 	at android.view.View.getDisplayList(View.java:14523)
W/System.err( 2610): 	at android.view.ThreadedRenderer.updateViewTreeDisplayList(ThreadedRenderer.java:279)
W/System.err( 2610): 	at android.view.ThreadedRenderer.updateRootDisplayList(ThreadedRenderer.java:285)
W/System.err( 2610): 	at android.view.ThreadedRenderer.draw(ThreadedRenderer.java:335)
W/System.err( 2610): 	at android.view.ViewRootImpl.draw(ViewRootImpl.java:2966)
W/System.err( 2610): 	at android.view.ViewRootImpl.performDraw(ViewRootImpl.java:2780)
W/System.err( 2610): 	at android.view.ViewRootImpl.performTraversals(ViewRootImpl.java:2391)
W/System.err( 2610): 	at android.view.ViewRootImpl.doTraversal(ViewRootImpl.java:1312)
W/System.err( 2610): 	at android.view.ViewRootImpl$TraversalRunnable.run(ViewRootImpl.java:6653)
W/System.err( 2610): 	at android.view.Choreographer$CallbackRecord.run(Choreographer.java:800)
W/System.err( 2610): 	at android.view.Choreographer.doCallbacks(Choreographer.java:603)
W/System.err( 2610): 	at android.view.Choreographer.doFrame(Choreographer.java:572)
W/System.err( 2610): 	at android.view.Choreographer$FrameDisplayEventReceiver.run(Choreographer.java:786)
W/System.err( 2610): 	at android.os.Handler.handleCallback(Handler.java:815)
W/System.err( 2610): 	at android.os.Handler.dispatchMessage(Handler.java:104)
W/System.err( 2610): 	at android.os.Looper.loop(Looper.java:194)
W/System.err( 2610): 	at android.app.ActivityThread.main(ActivityThread.java:5743)
W/System.err( 2610): 	at java.lang.reflect.Method.invoke(Native Method)
W/System.err( 2610): 	at java.lang.reflect.Method.invoke(Method.java:372)
W/System.err( 2610): 	at com.android.internal.os.ZygoteInit$MethodAndArgsCaller.run(ZygoteInit.java:988)
W/System.err( 2610): 	at com.android.internal.os.ZygoteInit.main(ZygoteInit.java:783)
E/recents.TaskLoader( 1294): create a new LoadPlan, sometime this is a error
I/SurfaceFlinger(  298): [Built-in Screen (type:0)] fps:24.674807,dur:1418.45,max:811.59,min:14.85
I/NetworkController( 1294): [CMCC Performance test][SystemUI][Statusbar] show signal end [156945459]
W/ResourceType( 2610): No package identifier when getting value for resource number 0x00000000
W/PackageManager( 2610): Failure retrieving resources for com.meizu.media.gallery: Resource ID #0x0
W/System.err( 2610): java.lang.NoSuchFieldException: mDisappearingChildren
W/System.err( 2610): 	at java.lang.Class.getDeclaredField(Class.java:890)
W/System.err( 2610): 	at com.android.documentsui.DirectoryContainerView.a(SourceFile:69)
W/System.err( 2610): 	at com.android.documentsui.DirectoryContainerView.dispatchDraw(SourceFile:43)
W/System.err( 2610): 	at android.view.View.updateDisplayListIfDirty(View.java:14486)
W/System.err( 2610): 	at android.view.View.getDisplayList(View.java:14523)
W/System.err( 2610): 	at android.view.View.draw(View.java:15314)
W/System.err( 2610): 	at android.view.ViewGroup.drawChild(ViewGroup.java:3536)
W/System.err( 2610): 	at android.view.ViewGroup.dispatchDraw(ViewGroup.java:3329)
W/System.err( 2610): 	at android.view.View.updateDisplayListIfDirty(View.java:14486)
W/System.err( 2610): 	at android.view.View.getDisplayList(View.java:14523)
W/System.err( 2610): 	at android.view.View.draw(View.java:15314)
W/System.err( 2610): 	at android.view.ViewGroup.drawChild(ViewGroup.java:3536)
W/System.err( 2610): 	at android.support.v4.widget.DrawerLayout.drawChild(SourceFile:1089)
W/System.err( 2610): 	at android.view.ViewGroup.dispatchDraw(ViewGroup.java:3329)
W/System.err( 2610): 	at android.view.View.updateDisplayListIfDirty(View.java:14486)
W/System.err( 2610): 	at android.view.View.getDisplayList(View.java:14523)
W/System.err( 2610): 	at android.view.View.draw(View.java:15314)
W/System.err( 2610): 	at android.view.ViewGroup.drawChild(ViewGroup.java:3536)
W/System.err( 2610): 	at android.view.ViewGroup.dispatchDraw(ViewGroup.java:3329)
W/System.err( 2610): 	at android.view.View.updateDisplayListIfDirty(View.java:14486)
W/System.err( 2610): 	at android.view.View.getDisplayList(View.java:14523)
W/System.err( 2610): 	at android.view.View.draw(View.java:15314)
W/System.err( 2610): 	at android.view.ViewGroup.drawChild(ViewGroup.java:3536)
W/System.err( 2610): 	at android.view.ViewGroup.dispatchDraw(ViewGroup.java:3329)
W/System.err( 2610): 	at android.view.View.updateDisplayListIfDirty(View.java:14486)
W/System.err( 2610): 	at android.view.View.getDisplayList(View.java:14523)
W/System.err( 2610): 	at android.view.View.draw(View.java:15314)
W/System.err( 2610): 	at android.view.ViewGroup.drawChild(ViewGroup.java:3536)
W/System.err( 2610): 	at android.view.ViewGroup.dispatchDraw(ViewGroup.java:3329)
W/System.err( 2610): 	at android.view.View.updateDisplayListIfDirty(View.java:14486)
W/System.err( 2610): 	at android.view.View.getDisplayList(View.java:14523)
W/System.err( 2610): 	at android.view.View.draw(View.java:15314)
W/System.err( 2610): 	at android.view.ViewGroup.drawChild(ViewGroup.java:3536)
W/System.err( 2610): 	at android.view.ViewGroup.dispatchDraw(ViewGroup.java:3329)
W/System.err( 2610): 	at android.view.View.updateDisplayListIfDirty(View.java:14486)
W/System.err( 2610): 	at android.view.View.getDisplayList(View.java:14523)
W/System.err( 2610): 	at android.view.View.draw(View.java:15314)
W/System.err( 2610): 	at android.view.ViewGroup.drawChild(ViewGroup.java:3536)
W/System.err( 2610): 	at android.view.ViewGroup.dispatchDraw(ViewGroup.java:3329)
W/System.err( 2610): 	at com.android.internal.policy.impl.PhoneWindow$DecorView.dispatchDraw(PhoneWindow.java:2843)
W/System.err( 2610): 	at android.view.View.draw(View.java:15617)
W/System.err( 2610): 	at android.widget.FrameLayout.draw(FrameLayout.java:658)
W/System.err( 2610): 	at com.android.internal.policy.impl.PhoneWindow$DecorView.draw(PhoneWindow.java:2822)
W/System.err( 2610): 	at android.view.View.updateDisplayListIfDirty(View.java:14494)
W/System.err( 2610): 	at android.view.View.getDisplayList(View.java:14523)
W/System.err( 2610): 	at android.view.ThreadedRenderer.updateViewTreeDisplayList(ThreadedRenderer.java:279)
W/System.err( 2610): 	at android.view.ThreadedRenderer.updateRootDisplayList(ThreadedRenderer.java:285)
W/System.err( 2610): 	at android.view.ThreadedRenderer.draw(ThreadedRenderer.java:335)
W/System.err( 2610): 	at android.view.ViewRootImpl.draw(ViewRootImpl.java:2966)
W/System.err( 2610): 	at android.view.ViewRootImpl.performDraw(ViewRootImpl.java:2780)
W/System.err( 2610): 	at android.view.ViewRootImpl.performTraversals(ViewRootImpl.java:2391)
W/System.err( 2610): 	at android.view.ViewRootImpl.doTraversal(ViewRootImpl.java:1312)
W/System.err( 2610): 	at android.view.ViewRootImpl$TraversalRunnable.run(ViewRootImpl.java:6653)
W/System.err( 2610): 	at android.view.Choreographer$CallbackRecord.run(Choreographer.java:800)
W/System.err( 2610): 	at android.view.Choreographer.doCallbacks(Choreographer.java:603)
W/System.err( 2610): 	at android.view.Choreographer.doFrame(Choreographer.java:572)
W/System.err( 2610): 	at android.view.Choreographer$FrameDisplayEventReceiver.run(Choreographer.java:786)
W/System.err( 2610): 	at android.os.Handler.handleCallback(Handler.java:815)
W/System.err( 2610): 	at android.os.Handler.dispatchMessage(Handler.java:104)
W/System.err( 2610): 	at android.os.Looper.loop(Looper.java:194)
W/System.err( 2610): 	at android.app.ActivityThread.main(ActivityThread.java:5743)
W/System.err( 2610): 	at java.lang.reflect.Method.invoke(Native Method)
W/System.err( 2610): 	at java.lang.reflect.Method.invoke(Method.java:372)
W/System.err( 2610): 	at com.android.internal.os.ZygoteInit$MethodAndArgsCaller.run(ZygoteInit.java:988)
W/System.err( 2610): 	at com.android.internal.os.ZygoteInit.main(ZygoteInit.java:783)
W/System.err( 2610): java.lang.NoSuchFieldException: mDisappearingChildren
W/System.err( 2610): 	at java.lang.Class.getDeclaredField(Class.java:890)
W/System.err( 2610): 	at com.android.documentsui.DirectoryContainerView.a(SourceFile:69)
W/System.err( 2610): 	at com.android.documentsui.DirectoryContainerView.drawChild(SourceFile:54)
W/System.err( 2610): 	at android.view.ViewGroup.dispatchDraw(ViewGroup.java:3329)
W/System.err( 2610): 	at com.android.documentsui.DirectoryContainerView.dispatchDraw(SourceFile:49)
W/System.err( 2610): 	at android.view.View.updateDisplayListIfDirty(View.java:14486)
W/System.err( 2610): 	at android.view.View.getDisplayList(View.java:14523)
W/System.err( 2610): 	at android.view.View.draw(View.java:15314)
W/System.err( 2610): 	at android.view.ViewGroup.drawChild(ViewGroup.java:3536)
W/System.err( 2610): 	at android.view.ViewGroup.dispatchDraw(ViewGroup.java:3329)
W/System.err( 2610): 	at android.view.View.updateDisplayListIfDirty(View.java:14486)
W/System.err( 2610): 	at android.view.View.getDisplayList(View.java:14523)
W/System.err( 2610): 	at android.view.View.draw(View.java:15314)
W/System.err( 2610): 	at android.view.ViewGroup.drawChild(ViewGroup.java:3536)
W/System.err( 2610): 	at android.support.v4.widget.DrawerLayout.drawChild(SourceFile:1089)
W/System.err( 2610): 	at android.view.ViewGroup.dispatchDraw(ViewGroup.java:3329)
W/System.err( 2610): 	at android.view.View.updateDisplayListIfDirty(View.java:14486)
W/System.err( 2610): 	at android.view.View.getDisplayList(View.java:14523)
W/System.err( 2610): 	at android.view.View.draw(View.java:15314)
W/System.err( 2610): 	at android.view.ViewGroup.drawChild(ViewGroup.java:3536)
W/System.err( 2610): 	at android.view.ViewGroup.dispatchDraw(ViewGroup.java:3329)
W/System.err( 2610): 	at android.view.View.updateDisplayListIfDirty(View.java:14486)
W/System.err( 2610): 	at android.view.View.getDisplayList(View.java:14523)
W/System.err( 2610): 	at android.view.View.draw(View.java:15314)
W/System.err( 2610): 	at android.view.ViewGroup.drawChild(ViewGroup.java:3536)
W/System.err( 2610): 	at android.view.ViewGroup.dispatchDraw(ViewGroup.java:3329)
W/System.err( 2610): 	at android.view.View.updateDisplayListIfDirty(View.java:14486)
W/System.err( 2610): 	at android.view.View.getDisplayList(View.java:14523)
W/System.err( 2610): 	at android.view.View.draw(View.java:15314)
W/System.err( 2610): 	at android.view.ViewGroup.drawChild(ViewGroup.java:3536)
W/System.err( 2610): 	at android.view.ViewGroup.dispatchDraw(ViewGroup.java:3329)
W/System.err( 2610): 	at android.view.View.updateDisplayListIfDirty(View.java:14486)
W/System.err( 2610): 	at android.view.View.getDisplayList(View.java:14523)
W/System.err( 2610): 	at android.view.View.draw(View.java:15314)
W/System.err( 2610): 	at android.view.ViewGroup.drawChild(ViewGroup.java:3536)
W/System.err( 2610): 	at android.view.ViewGroup.dispatchDraw(ViewGroup.java:3329)
W/System.err( 2610): 	at android.view.View.updateDisplayListIfDirty(View.java:14486)
W/System.err( 2610): 	at android.view.View.getDisplayList(View.java:14523)
W/System.err( 2610): 	at android.view.View.draw(View.java:15314)
W/System.err( 2610): 	at android.view.ViewGroup.drawChild(ViewGroup.java:3536)
W/System.err( 2610): 	at android.view.ViewGroup.dispatchDraw(ViewGroup.java:3329)
W/System.err( 2610): 	at com.android.internal.policy.impl.PhoneWindow$DecorView.dispatchDraw(PhoneWindow.java:2843)
W/System.err( 2610): 	at android.view.View.draw(View.java:15617)
W/System.err( 2610): 	at android.widget.FrameLayout.draw(FrameLayout.java:658)
W/System.err( 2610): 	at com.android.internal.policy.impl.PhoneWindow$DecorView.draw(PhoneWindow.java:2822)
W/System.err( 2610): 	at android.view.View.updateDisplayListIfDirty(View.java:14494)
W/System.err( 2610): 	at android.view.View.getDisplayList(View.java:14523)
W/System.err( 2610): 	at android.view.ThreadedRenderer.updateViewTreeDisplayList(ThreadedRenderer.java:279)
W/System.err( 2610): 	at android.view.ThreadedRenderer.updateRootDisplayList(ThreadedRenderer.java:285)
W/System.err( 2610): 	at android.view.ThreadedRenderer.draw(ThreadedRenderer.java:335)
W/System.err( 2610): 	at android.view.ViewRootImpl.draw(ViewRootImpl.java:2966)
W/System.err( 2610): 	at android.view.ViewRootImpl.performDraw(ViewRootImpl.java:2780)
W/System.err( 2610): 	at android.view.ViewRootImpl.performTraversals(ViewRootImpl.java:2391)
W/System.err( 2610): 	at android.view.ViewRootImpl.doTraversal(ViewRootImpl.java:1312)
W/System.err( 2610): 	at android.view.ViewRootImpl$TraversalRunnable.run(ViewRootImpl.java:6653)
W/System.err( 2610): 	at android.view.Choreographer$CallbackRecord.run(Choreographer.java:800)
W/System.err( 2610): 	at android.view.Choreographer.doCallbacks(Choreographer.java:603)
W/System.err( 2610): 	at android.view.Choreographer.doFrame(Choreographer.java:572)
W/System.err( 2610): 	at android.view.Choreographer$FrameDisplayEventReceiver.run(Choreographer.java:786)
W/System.err( 2610): 	at android.os.Handler.handleCallback(Handler.java:815)
W/System.err( 2610): 	at android.os.Handler.dispatchMessage(Handler.java:104)
W/System.err( 2610): 	at android.os.Looper.loop(Looper.java:194)
W/System.err( 2610): 	at android.app.ActivityThread.main(ActivityThread.java:5743)
W/System.err( 2610): 	at java.lang.reflect.Method.invoke(Native Method)
W/System.err( 2610): 	at java.lang.reflect.Method.invoke(Method.java:372)
W/System.err( 2610): 	at com.android.internal.os.ZygoteInit$MethodAndArgsCaller.run(ZygoteInit.java:988)
W/System.err( 2610): 	at com.android.internal.os.ZygoteInit.main(ZygoteInit.java:783)
I/thermal_repeater(  350): oh, queryMdThermalInfo (0)No such file or directory
I/thermal_repeater(  350): [recvMdThermalInfo] ret=5, strLen=127, ERROR
W/System.err( 2610): java.lang.NoSuchFieldException: mDisappearingChildren
W/System.err( 2610): 	at java.lang.Class.getDeclaredField(Class.java:890)
W/System.err( 2610): 	at com.android.documentsui.DirectoryContainerView.a(SourceFile:69)
W/System.err( 2610): 	at com.android.documentsui.DirectoryContainerView.dispatchDraw(SourceFile:43)
W/System.err( 2610): 	at android.view.View.updateDisplayListIfDirty(View.java:14486)
W/System.err( 2610): 	at android.view.View.getDisplayList(View.java:14523)
W/System.err( 2610): 	at android.view.View.draw(View.java:15314)
W/System.err( 2610): 	at android.view.ViewGroup.drawChild(ViewGroup.java:3536)
W/System.err( 2610): 	at android.view.ViewGroup.dispatchDraw(ViewGroup.java:3329)
W/System.err( 2610): 	at android.view.View.updateDisplayListIfDirty(View.java:14486)
W/System.err( 2610): 	at android.view.View.getDisplayList(View.java:14523)
W/System.err( 2610): 	at android.view.View.draw(View.java:15314)
W/System.err( 2610): 	at android.view.ViewGroup.drawChild(ViewGroup.java:3536)
W/System.err( 2610): 	at android.support.v4.widget.DrawerLayout.drawChild(SourceFile:1089)
W/System.err( 2610): 	at android.view.ViewGroup.dispatchDraw(ViewGroup.java:3329)
W/System.err( 2610): 	at android.view.View.updateDisplayListIfDirty(View.java:14486)
W/System.err( 2610): 	at android.view.View.getDisplayList(View.java:14523)
W/System.err( 2610): 	at android.view.View.draw(View.java:15314)
W/System.err( 2610): 	at android.view.ViewGroup.drawChild(ViewGroup.java:3536)
W/System.err( 2610): 	at android.view.ViewGroup.dispatchDraw(ViewGroup.java:3329)
W/System.err( 2610): 	at android.view.View.updateDisplayListIfDirty(View.java:14486)
W/System.err( 2610): 	at android.view.View.getDisplayList(View.java:14523)
W/System.err( 2610): 	at android.view.View.draw(View.java:15314)
W/System.err( 2610): 	at android.view.ViewGroup.drawChild(ViewGroup.java:3536)
W/System.err( 2610): 	at android.view.ViewGroup.dispatchDraw(ViewGroup.java:3329)
W/System.err( 2610): 	at android.view.View.updateDisplayListIfDirty(View.java:14486)
W/System.err( 2610): 	at android.view.View.getDisplayList(View.java:14523)
W/System.err( 2610): 	at android.view.View.draw(View.java:15314)
W/System.err( 2610): 	at android.view.ViewGroup.drawChild(ViewGroup.java:3536)
W/System.err( 2610): 	at android.view.ViewGroup.dispatchDraw(ViewGroup.java:3329)
W/System.err( 2610): 	at android.view.View.updateDisplayListIfDirty(View.java:14486)
W/System.err( 2610): 	at android.view.View.getDisplayList(View.java:14523)
W/System.err( 2610): 	at android.view.View.draw(View.java:15314)
W/System.err( 2610): 	at android.view.ViewGroup.drawChild(ViewGroup.java:3536)
W/System.err( 2610): 	at android.view.ViewGroup.dispatchDraw(ViewGroup.java:3329)
W/System.err( 2610): 	at android.view.View.updateDisplayListIfDirty(View.java:14486)
W/System.err( 2610): 	at android.view.View.getDisplayList(View.java:14523)
W/System.err( 2610): 	at android.view.View.draw(View.java:15314)
W/System.err( 2610): 	at android.view.ViewGroup.drawChild(ViewGroup.java:3536)
W/System.err( 2610): 	at android.view.ViewGroup.dispatchDraw(ViewGroup.java:3329)
W/System.err( 2610): 	at com.android.internal.policy.impl.PhoneWindow$DecorView.dispatchDraw(PhoneWindow.java:2843)
W/System.err( 2610): 	at android.view.View.draw(View.java:15617)
W/System.err( 2610): 	at android.widget.FrameLayout.draw(FrameLayout.java:658)
W/System.err( 2610): 	at com.android.internal.policy.impl.PhoneWindow$DecorView.draw(PhoneWindow.java:2822)
W/System.err( 2610): 	at android.view.View.updateDisplayListIfDirty(View.java:14494)
W/System.err( 2610): 	at android.view.View.getDisplayList(View.java:14523)
W/System.err( 2610): 	at android.view.ThreadedRenderer.updateViewTreeDisplayList(ThreadedRenderer.java:279)
W/System.err( 2610): 	at android.view.ThreadedRenderer.updateRootDisplayList(ThreadedRenderer.java:285)
W/System.err( 2610): 	at android.view.ThreadedRenderer.draw(ThreadedRenderer.java:335)
W/System.err( 2610): 	at android.view.ViewRootImpl.draw(ViewRootImpl.java:2966)
W/System.err( 2610): 	at android.view.ViewRootImpl.performDraw(ViewRootImpl.java:2780)
W/System.err( 2610): 	at android.view.ViewRootImpl.performTraversals(ViewRootImpl.java:2391)
W/System.err( 2610): 	at android.view.ViewRootImpl.doTraversal(ViewRootImpl.java:1312)
W/System.err( 2610): 	at android.view.ViewRootImpl$TraversalRunnable.run(ViewRootImpl.java:6653)
W/System.err( 2610): 	at android.view.Choreographer$CallbackRecord.run(Choreographer.java:800)
W/System.err( 2610): 	at android.view.Choreographer.doCallbacks(Choreographer.java:603)
W/System.err( 2610): 	at android.view.Choreographer.doFrame(Choreographer.java:572)
W/System.err( 2610): 	at android.view.Choreographer$FrameDisplayEventReceiver.run(Choreographer.java:786)
W/System.err( 2610): 	at android.os.Handler.handleCallback(Handler.java:815)
W/System.err( 2610): 	at android.os.Handler.dispatchMessage(Handler.java:104)
W/System.err( 2610): 	at android.os.Looper.loop(Looper.java:194)
W/System.err( 2610): 	at android.app.ActivityThread.main(ActivityThread.java:5743)
W/System.err( 2610): 	at java.lang.reflect.Method.invoke(Native Method)
W/System.err( 2610): 	at java.lang.reflect.Method.invoke(Method.java:372)
W/System.err( 2610): 	at com.android.internal.os.ZygoteInit$MethodAndArgsCaller.run(ZygoteInit.java:988)
W/System.err( 2610): 	at com.android.internal.os.ZygoteInit.main(ZygoteInit.java:783)
W/System.err( 2610): java.lang.NoSuchFieldException: mDisappearingChildren
W/System.err( 2610): 	at java.lang.Class.getDeclaredField(Class.java:890)
W/System.err( 2610): 	at com.android.documentsui.DirectoryContainerView.a(SourceFile:69)
W/System.err( 2610): 	at com.android.documentsui.DirectoryContainerView.drawChild(SourceFile:54)
W/System.err( 2610): 	at android.view.ViewGroup.dispatchDraw(ViewGroup.java:3329)
W/System.err( 2610): 	at com.android.documentsui.DirectoryContainerView.dispatchDraw(SourceFile:49)
W/System.err( 2610): 	at android.view.View.updateDisplayListIfDirty(View.java:14486)
W/System.err( 2610): 	at android.view.View.getDisplayList(View.java:14523)
W/System.err( 2610): 	at android.view.View.draw(View.java:15314)
W/System.err( 2610): 	at android.view.ViewGroup.drawChild(ViewGroup.java:3536)
W/System.err( 2610): 	at android.view.ViewGroup.dispatchDraw(ViewGroup.java:3329)
W/System.err( 2610): 	at android.view.View.updateDisplayListIfDirty(View.java:14486)
W/System.err( 2610): 	at android.view.View.getDisplayList(View.java:14523)
W/System.err( 2610): 	at android.view.View.draw(View.java:15314)
W/System.err( 2610): 	at android.view.ViewGroup.drawChild(ViewGroup.java:3536)
W/System.err( 2610): 	at android.support.v4.widget.DrawerLayout.drawChild(SourceFile:1089)
W/System.err( 2610): 	at android.view.ViewGroup.dispatchDraw(ViewGroup.java:3329)
W/System.err( 2610): 	at android.view.View.updateDisplayListIfDirty(View.java:14486)
W/System.err( 2610): 	at android.view.View.getDisplayList(View.java:14523)
W/System.err( 2610): 	at android.view.View.draw(View.java:15314)
W/System.err( 2610): 	at android.view.ViewGroup.drawChild(ViewGroup.java:3536)
W/System.err( 2610): 	at android.view.ViewGroup.dispatchDraw(ViewGroup.java:3329)
W/System.err( 2610): 	at android.view.View.updateDisplayListIfDirty(View.java:14486)
W/System.err( 2610): 	at android.view.View.getDisplayList(View.java:14523)
W/System.err( 2610): 	at android.view.View.draw(View.java:15314)
W/System.err( 2610): 	at android.view.ViewGroup.drawChild(ViewGroup.java:3536)
W/System.err( 2610): 	at android.view.ViewGroup.dispatchDraw(ViewGroup.java:3329)
W/System.err( 2610): 	at android.view.View.updateDisplayListIfDirty(View.java:14486)
W/System.err( 2610): 	at android.view.View.getDisplayList(View.java:14523)
W/System.err( 2610): 	at android.view.View.draw(View.java:15314)
W/System.err( 2610): 	at android.view.ViewGroup.drawChild(ViewGroup.java:3536)
W/System.err( 2610): 	at android.view.ViewGroup.dispatchDraw(ViewGroup.java:3329)
W/System.err( 2610): 	at android.view.View.updateDisplayListIfDirty(View.java:14486)
W/System.err( 2610): 	at android.view.View.getDisplayList(View.java:14523)
W/System.err( 2610): 	at android.view.View.draw(View.java:15314)
W/System.err( 2610): 	at android.view.ViewGroup.drawChild(ViewGroup.java:3536)
W/System.err( 2610): 	at android.view.ViewGroup.dispatchDraw(ViewGroup.java:3329)
W/System.err( 2610): 	at android.view.View.updateDisplayListIfDirty(View.java:14486)
W/System.err( 2610): 	at android.view.View.getDisplayList(View.java:14523)
W/System.err( 2610): 	at android.view.View.draw(View.java:15314)
W/System.err( 2610): 	at android.view.ViewGroup.drawChild(ViewGroup.java:3536)
W/System.err( 2610): 	at android.view.ViewGroup.dispatchDraw(ViewGroup.java:3329)
W/System.err( 2610): 	at com.android.internal.policy.impl.PhoneWindow$DecorView.dispatchDraw(PhoneWindow.java:2843)
W/System.err( 2610): 	at android.view.View.draw(View.java:15617)
W/System.err( 2610): 	at android.widget.FrameLayout.draw(FrameLayout.java:658)
W/System.err( 2610): 	at com.android.internal.policy.impl.PhoneWindow$DecorView.draw(PhoneWindow.java:2822)
W/System.err( 2610): 	at android.view.View.updateDisplayListIfDirty(View.java:14494)
W/System.err( 2610): 	at android.view.View.getDisplayList(View.java:14523)
W/System.err( 2610): 	at android.view.ThreadedRenderer.updateViewTreeDisplayList(ThreadedRenderer.java:279)
W/System.err( 2610): 	at android.view.ThreadedRenderer.updateRootDisplayList(ThreadedRenderer.java:285)
W/System.err( 2610): 	at android.view.ThreadedRenderer.draw(ThreadedRenderer.java:335)
W/System.err( 2610): 	at android.view.ViewRootImpl.draw(ViewRootImpl.java:2966)
W/System.err( 2610): 	at android.view.ViewRootImpl.performDraw(ViewRootImpl.java:2780)
W/System.err( 2610): 	at android.view.ViewRootImpl.performTraversals(ViewRootImpl.java:2391)
W/System.err( 2610): 	at android.view.ViewRootImpl.doTraversal(ViewRootImpl.java:1312)
W/System.err( 2610): 	at android.view.ViewRootImpl$TraversalRunnable.run(ViewRootImpl.java:6653)
W/System.err( 2610): 	at android.view.Choreographer$CallbackRecord.run(Choreographer.java:800)
W/System.err( 2610): 	at android.view.Choreographer.doCallbacks(Choreographer.java:603)
W/System.err( 2610): 	at android.view.Choreographer.doFrame(Choreographer.java:572)
W/System.err( 2610): 	at android.view.Choreographer$FrameDisplayEventReceiver.run(Choreographer.java:786)
W/System.err( 2610): 	at android.os.Handler.handleCallback(Handler.java:815)
W/System.err( 2610): 	at android.os.Handler.dispatchMessage(Handler.java:104)
W/System.err( 2610): 	at android.os.Looper.loop(Looper.java:194)
W/System.err( 2610): 	at android.app.ActivityThread.main(ActivityThread.java:5743)
W/System.err( 2610): 	at java.lang.reflect.Method.invoke(Native Method)
W/System.err( 2610): 	at java.lang.reflect.Method.invoke(Method.java:372)
W/System.err( 2610): 	at com.android.internal.os.ZygoteInit$MethodAndArgsCaller.run(ZygoteInit.java:988)
W/System.err( 2610): 	at com.android.internal.os.ZygoteInit.main(ZygoteInit.java:783)
E/updateDirectoryNavigationBar( 2610): title i = 0   éŸ³é¢‘
W/System.err( 2610): java.lang.NoSuchFieldException: mDisappearingChildren
W/System.err( 2610): 	at java.lang.Class.getDeclaredField(Class.java:890)
W/System.err( 2610): 	at com.android.documentsui.DirectoryContainerView.a(SourceFile:69)
W/System.err( 2610): 	at com.android.documentsui.DirectoryContainerView.dispatchDraw(SourceFile:43)
W/System.err( 2610): 	at android.view.View.updateDisplayListIfDirty(View.java:14486)
W/System.err( 2610): 	at android.view.View.getDisplayList(View.java:14523)
W/System.err( 2610): 	at android.view.View.draw(View.java:15314)
W/System.err( 2610): 	at android.view.ViewGroup.drawChild(ViewGroup.java:3536)
W/System.err( 2610): 	at android.view.ViewGroup.dispatchDraw(ViewGroup.java:3329)
W/System.err( 2610): 	at android.view.View.updateDisplayListIfDirty(View.java:14486)
W/System.err( 2610): 	at android.view.View.getDisplayList(View.java:14523)
W/System.err( 2610): 	at android.view.View.draw(View.java:15314)
W/System.err( 2610): 	at android.view.ViewGroup.drawChild(ViewGroup.java:3536)
W/System.err( 2610): 	at android.support.v4.widget.DrawerLayout.drawChild(SourceFile:1089)
W/System.err( 2610): 	at android.view.ViewGroup.dispatchDraw(ViewGroup.java:3329)
W/System.err( 2610): 	at android.view.View.updateDisplayListIfDirty(View.java:14486)
W/System.err( 2610): 	at android.view.View.getDisplayList(View.java:14523)
W/System.err( 2610): 	at android.view.ViewGroup.recreateChildDisplayList(ViewGroup.java:3520)
W/System.err( 2610): 	at android.view.ViewGroup.dispatchGetDisplayList(ViewGroup.java:3499)
W/System.err( 2610): 	at android.view.View.updateDisplayListIfDirty(View.java:14444)
W/System.err( 2610): 	at android.view.View.getDisplayList(View.java:14523)
W/System.err( 2610): 	at android.view.ViewGroup.recreateChildDisplayList(ViewGroup.java:3520)
W/System.err( 2610): 	at android.view.ViewGroup.dispatchGetDisplayList(ViewGroup.java:3499)
W/System.err( 2610): 	at android.view.View.updateDisplayListIfDirty(View.java:14444)
W/System.err( 2610): 	at android.view.View.getDisplayList(View.java:14523)
W/System.err( 2610): 	at android.view.ViewGroup.recreateChildDisplayList(ViewGroup.java:3520)
W/System.err( 2610): 	at android.view.ViewGroup.dispatchGetDisplayList(ViewGroup.java:3499)
W/System.err( 2610): 	at android.view.View.updateDisplayListIfDirty(View.java:14444)
W/System.err( 2610): 	at android.view.View.getDisplayList(View.java:14523)
W/System.err( 2610): 	at android.view.ViewGroup.recreateChildDisplayList(ViewGroup.java:3520)
W/System.err( 2610): 	at android.view.ViewGroup.dispatchGetDisplayList(ViewGroup.java:3499)
W/System.err( 2610): 	at android.view.View.updateDisplayListIfDirty(View.java:14444)
W/System.err( 2610): 	at android.view.View.getDisplayList(View.java:14523)
W/System.err( 2610): 	at android.view.ViewGroup.recreateChildDisplayList(ViewGroup.java:3520)
W/System.err( 2610): 	at android.view.ViewGroup.dispatchGetDisplayList(ViewGroup.java:3499)
W/System.err( 2610): 	at android.view.View.updateDisplayListIfDirty(View.java:14444)
W/System.err( 2610): 	at android.view.View.getDisplayList(View.java:14523)
W/System.err( 2610): 	at android.view.ThreadedRenderer.updateViewTreeDisplayList(ThreadedRenderer.java:279)
W/System.err( 2610): 	at android.view.ThreadedRenderer.updateRootDisplayList(ThreadedRenderer.java:285)
W/System.err( 2610): 	at android.view.ThreadedRenderer.draw(ThreadedRenderer.java:335)
W/System.err( 2610): 	at android.view.ViewRootImpl.draw(ViewRootImpl.java:2966)
W/System.err( 2610): 	at android.view.ViewRootImpl.performDraw(ViewRootImpl.java:2780)
W/System.err( 2610): 	at android.view.ViewRootImpl.performTraversals(ViewRootImpl.java:2391)
W/System.err( 2610): 	at android.view.ViewRootImpl.doTraversal(ViewRootImpl.java:1312)
W/System.err( 2610): 	at android.view.ViewRootImpl$TraversalRunnable.run(ViewRootImpl.java:6653)
W/System.err( 2610): 	at android.view.Choreographer$CallbackRecord.run(Choreographer.java:800)
W/System.err( 2610): 	at android.view.Choreographer.doCallbacks(Choreographer.java:603)
W/System.err( 2610): 	at android.view.Choreographer.doFrame(Choreographer.java:572)
W/System.err( 2610): 	at android.view.Choreographer$FrameDisplayEventReceiver.run(Choreographer.java:786)
W/System.err( 2610): 	at android.os.Handler.handleCallback(Handler.java:815)
W/System.err( 2610): 	at android.os.Handler.dispatchMessage(Handler.java:104)
W/System.err( 2610): 	at android.os.Looper.loop(Looper.java:194)
W/System.err( 2610): 	at android.app.ActivityThread.main(ActivityThread.java:5743)
W/System.err( 2610): 	at java.lang.reflect.Method.invoke(Native Method)
W/System.err( 2610): 	at java.lang.reflect.Method.invoke(Method.java:372)
